
<h3>07.23.26 14:03:33</h3>
Image /home/storage/d/4f/d2/aksolucoes/public_html/images/com_hikashop/upload/MLB15235532 could not be opened when trying to generate its thumbnail
<h3>07.23.26 14:03:39</h3>
Image /home/storage/d/4f/d2/aksolucoes/public_html/images/com_hikashop/upload/MLB15235532 could not be opened when trying to generate its thumbnail
<h3>07.23.26 14:14:21</h3>
Image /home/storage/d/4f/d2/aksolucoes/public_html/images/com_hikashop/upload/MLB15235532 could not be opened when trying to generate its thumbnail
<h3>07.23.26 14:14:41</h3>
Image /home/storage/d/4f/d2/aksolucoes/public_html/images/com_hikashop/upload/MLB15235532 could not be opened when trying to generate its thumbnail
<h3>07.29.26 13:46:42 - mercadopago</h3>
Notificação ignorada: sem id de pagamento.
<h3>07.29.26 13:47:00 - mercadopago</h3>
Notificação recebida mas o plugin não está configurado.
<h3>07.29.26 13:49:09 - mercadopago</h3>
Notificação ignorada: sem id de pagamento.
<h3>07.29.26 13:55:26 - mercadopago</h3>
Notificação ignorada: sem id de pagamento.
<h3>07.29.26 14:22:40</h3>
A função mail() foi desabilitada e o e-mail não pôde ser enviado.
<h3>07.29.26 14:22:40</h3>
A função mail() foi desabilitada e o e-mail não pôde ser enviado.
<h3>07.30.26 14:36:37</h3>
A função mail() foi desabilitada e o e-mail não pôde ser enviado.
<h3>07.30.26 14:36:37</h3>
A função mail() foi desabilitada e o e-mail não pôde ser enviado.
<h3>07.30.26 14:37:32</h3>
A função mail() foi desabilitada e o e-mail não pôde ser enviado.
<h3>07.30.26 14:37:32</h3>
A função mail() foi desabilitada e o e-mail não pôde ser enviado.
<h3>07.30.26 15:32:27 - mercadopago</h3>
Notificação ignorada: sem id de pagamento.
<h3>07.30.26 15:32:29 - mercadopago</h3>
Notificação ignorada: sem id de pagamento.
<h3>07.30.26 15:32:29 - mercadopago</h3>
Notificação recusada: assinatura inválida (payment 171251604064).
<h3>07.30.26 15:45:31 - mercadopago</h3>
Notificação ignorada: sem id de pagamento.
<h3>07.30.26 15:45:32 - mercadopago</h3>
Notificação recusada: assinatura inválida (payment 170359365085).
<h3>07.30.26 15:46:03 - mercadopago</h3>
Notificação ignorada: sem id de pagamento.
<h3>07.30.26 15:46:03 - mercadopago</h3>
Notificação recusada: assinatura inválida (payment 170359365085).
<h3>07.30.26 15:47:05 - mercadopago</h3>
Notificação ignorada: sem id de pagamento.
<h3>07.30.26 15:50:49 - mercadopago</h3>
Notificação recusada: assinatura inválida (payment 171251604064).
<h3>07.30.26 15:50:50 - mercadopago</h3>
Notificação ignorada: sem id de pagamento.
<h3>08.02.26 14:57:57 - mercadopago</h3>
Notificação recusada: assinatura inválida (payment 171251604064).
<h3>08.02.26 14:57:58 - mercadopago</h3>
Notificação ignorada: sem id de pagamento.